// Jest Snapshot v1, https://goo.gl/fbAQLP

exports[`App renders correctly 1`] = `
ShallowWrapper {
  "length": 1,
  Symbol(enzyme.__root__): [Circular],
  Symbol(enzyme.__unrendered__): <App />,
  Symbol(enzyme.__renderer__): Object {
    "batchedUpdates": [Function],
    "getNode": [Function],
    "render": [Function],
    "simulateEvent": [Function],
    "unmount": [Function],
  },
  Symbol(enzyme.__node__): Object {
    "instance": null,
    "key": undefined,
    "nodeType": "host",
    "props": Object {
      "children": <div
        id="quote-box"
>
        <div
                id="quote"
        >
                <quotes
                        color="#ff8533"
                        id="quote-svg"
                />
                <p
                        id="text"
                >
                        It does not matter how slowly you go, as long as you don't stop.
                </p>
        </div>
        <p
                id="author"
        >
                Confucius
        </p>
        <div
                id="quote-buttons"
        >
                <a
                        href="https://twitter.com/intent/tweet?text=It%20does%20not%20matter%20how%20slowly%20you%20go%2C%20as%20long%20as%20you%20don't%20stop."
                        id="tweet-quote"
                        target="_blank"
                >
                        <twitter
                                color="#ff8533"
                        />
                </a>
                <button
                        id="new-quote"
                        onClick={[Function]}
                        style={
                                Object {
                                        "backgroundColor": "#ff8533",
                                        "border": "1px solid #ff8533",
                                      }
                        }
                >
                        New Quote
                </button>
        </div>
</div>,
      "className": "App",
      "style": Object {
        "backgroundColor": "#ff8533",
        "color": "#ff8533",
      },
    },
    "ref": null,
    "rendered": Object {
      "instance": null,
      "key": undefined,
      "nodeType": "host",
      "props": Object {
        "children": Array [
          <div
            id="quote"
>
            <quotes
                        color="#ff8533"
                        id="quote-svg"
            />
            <p
                        id="text"
            >
                        It does not matter how slowly you go, as long as you don't stop.
            </p>
</div>,
          <p
            id="author"
>
            Confucius
</p>,
          <div
            id="quote-buttons"
>
            <a
                        href="https://twitter.com/intent/tweet?text=It%20does%20not%20matter%20how%20slowly%20you%20go%2C%20as%20long%20as%20you%20don't%20stop."
                        id="tweet-quote"
                        target="_blank"
            >
                        <twitter
                                    color="#ff8533"
                        />
            </a>
            <button
                        id="new-quote"
                        onClick={[Function]}
                        style={
                                    Object {
                                                "backgroundColor": "#ff8533",
                                                "border": "1px solid #ff8533",
                                              }
                        }
            >
                        New Quote
            </button>
</div>,
        ],
        "id": "quote-box",
      },
      "ref": null,
      "rendered": Array [
        Object {
          "instance": null,
          "key": undefined,
          "nodeType": "host",
          "props": Object {
            "children": Array [
              <quotes
                color="#ff8533"
                id="quote-svg"
/>,
              <p
                id="text"
>
                It does not matter how slowly you go, as long as you don't stop.
</p>,
            ],
            "id": "quote",
          },
          "ref": null,
          "rendered": Array [
            Object {
              "instance": null,
              "key": undefined,
              "nodeType": "function",
              "props": Object {
                "color": "#ff8533",
                "id": "quote-svg",
              },
              "ref": null,
              "rendered": null,
              "type": [Function],
            },
            Object {
              "instance": null,
              "key": undefined,
              "nodeType": "host",
              "props": Object {
                "children": "It does not matter how slowly you go, as long as you don't stop.",
                "id": "text",
              },
              "ref": null,
              "rendered": "It does not matter how slowly you go, as long as you don't stop.",
              "type": "p",
            },
          ],
          "type": "div",
        },
        Object {
          "instance": null,
          "key": undefined,
          "nodeType": "host",
          "props": Object {
            "children": "Confucius",
            "id": "author",
          },
          "ref": null,
          "rendered": "Confucius",
          "type": "p",
        },
        Object {
          "instance": null,
          "key": undefined,
          "nodeType": "host",
          "props": Object {
            "children": Array [
              <a
                href="https://twitter.com/intent/tweet?text=It%20does%20not%20matter%20how%20slowly%20you%20go%2C%20as%20long%20as%20you%20don't%20stop."
                id="tweet-quote"
                target="_blank"
>
                <twitter
                                color="#ff8533"
                />
</a>,
              <button
                id="new-quote"
                onClick={[Function]}
                style={
                                Object {
                                                "backgroundColor": "#ff8533",
                                                "border": "1px solid #ff8533",
                                              }
                }
>
                New Quote
</button>,
            ],
            "id": "quote-buttons",
          },
          "ref": null,
          "rendered": Array [
            Object {
              "instance": null,
              "key": undefined,
              "nodeType": "host",
              "props": Object {
                "children": <twitter
                  color="#ff8533"
/>,
                "href": "https://twitter.com/intent/tweet?text=It%20does%20not%20matter%20how%20slowly%20you%20go%2C%20as%20long%20as%20you%20don't%20stop.",
                "id": "tweet-quote",
                "target": "_blank",
              },
              "ref": null,
              "rendered": Object {
                "instance": null,
                "key": undefined,
                "nodeType": "function",
                "props": Object {
                  "color": "#ff8533",
                },
                "ref": null,
                "rendered": null,
                "type": [Function],
              },
              "type": "a",
            },
            Object {
              "instance": null,
              "key": undefined,
              "nodeType": "host",
              "props": Object {
                "children": "New Quote",
                "id": "new-quote",
                "onClick": [Function],
                "style": Object {
                  "backgroundColor": "#ff8533",
                  "border": "1px solid #ff8533",
                },
              },
              "ref": null,
              "rendered": "New Quote",
              "type": "button",
            },
          ],
          "type": "div",
        },
      ],
      "type": "div",
    },
    "type": "div",
  },
  Symbol(enzyme.__nodes__): Array [
    Object {
      "instance": null,
      "key": undefined,
      "nodeType": "host",
      "props": Object {
        "children": <div
          id="quote-box"
>
          <div
                    id="quote"
          >
                    <quotes
                              color="#ff8533"
                              id="quote-svg"
                    />
                    <p
                              id="text"
                    >
                              It does not matter how slowly you go, as long as you don't stop.
                    </p>
          </div>
          <p
                    id="author"
          >
                    Confucius
          </p>
          <div
                    id="quote-buttons"
          >
                    <a
                              href="https://twitter.com/intent/tweet?text=It%20does%20not%20matter%20how%20slowly%20you%20go%2C%20as%20long%20as%20you%20don't%20stop."
                              id="tweet-quote"
                              target="_blank"
                    >
                              <twitter
                                        color="#ff8533"
                              />
                    </a>
                    <button
                              id="new-quote"
                              onClick={[Function]}
                              style={
                                        Object {
                                                  "backgroundColor": "#ff8533",
                                                  "border": "1px solid #ff8533",
                                                }
                              }
                    >
                              New Quote
                    </button>
          </div>
</div>,
        "className": "App",
        "style": Object {
          "backgroundColor": "#ff8533",
          "color": "#ff8533",
        },
      },
      "ref": null,
      "rendered": Object {
        "instance": null,
        "key": undefined,
        "nodeType": "host",
        "props": Object {
          "children": Array [
            <div
              id="quote"
>
              <quotes
                            color="#ff8533"
                            id="quote-svg"
              />
              <p
                            id="text"
              >
                            It does not matter how slowly you go, as long as you don't stop.
              </p>
</div>,
            <p
              id="author"
>
              Confucius
</p>,
            <div
              id="quote-buttons"
>
              <a
                            href="https://twitter.com/intent/tweet?text=It%20does%20not%20matter%20how%20slowly%20you%20go%2C%20as%20long%20as%20you%20don't%20stop."
                            id="tweet-quote"
                            target="_blank"
              >
                            <twitter
                                          color="#ff8533"
                            />
              </a>
              <button
                            id="new-quote"
                            onClick={[Function]}
                            style={
                                          Object {
                                                        "backgroundColor": "#ff8533",
                                                        "border": "1px solid #ff8533",
                                                      }
                            }
              >
                            New Quote
              </button>
</div>,
          ],
          "id": "quote-box",
        },
        "ref": null,
        "rendered": Array [
          Object {
            "instance": null,
            "key": undefined,
            "nodeType": "host",
            "props": Object {
              "children": Array [
                <quotes
                  color="#ff8533"
                  id="quote-svg"
/>,
                <p
                  id="text"
>
                  It does not matter how slowly you go, as long as you don't stop.
</p>,
              ],
              "id": "quote",
            },
            "ref": null,
            "rendered": Array [
              Object {
                "instance": null,
                "key": undefined,
                "nodeType": "function",
                "props": Object {
                  "color": "#ff8533",
                  "id": "quote-svg",
                },
                "ref": null,
                "rendered": null,
                "type": [Function],
              },
              Object {
                "instance": null,
                "key": undefined,
                "nodeType": "host",
                "props": Object {
                  "children": "It does not matter how slowly you go, as long as you don't stop.",
                  "id": "text",
                },
                "ref": null,
                "rendered": "It does not matter how slowly you go, as long as you don't stop.",
                "type": "p",
              },
            ],
            "type": "div",
          },
          Object {
            "instance": null,
            "key": undefined,
            "nodeType": "host",
            "props": Object {
              "children": "Confucius",
              "id": "author",
            },
            "ref": null,
            "rendered": "Confucius",
            "type": "p",
          },
          Object {
            "instance": null,
            "key": undefined,
            "nodeType": "host",
            "props": Object {
              "children": Array [
                <a
                  href="https://twitter.com/intent/tweet?text=It%20does%20not%20matter%20how%20slowly%20you%20go%2C%20as%20long%20as%20you%20don't%20stop."
                  id="tweet-quote"
                  target="_blank"
>
                  <twitter
                                    color="#ff8533"
                  />
</a>,
                <button
                  id="new-quote"
                  onClick={[Function]}
                  style={
                                    Object {
                                                      "backgroundColor": "#ff8533",
                                                      "border": "1px solid #ff8533",
                                                    }
                  }
>
                  New Quote
</button>,
              ],
              "id": "quote-buttons",
            },
            "ref": null,
            "rendered": Array [
              Object {
                "instance": null,
                "key": undefined,
                "nodeType": "host",
                "props": Object {
                  "children": <twitter
                    color="#ff8533"
/>,
                  "href": "https://twitter.com/intent/tweet?text=It%20does%20not%20matter%20how%20slowly%20you%20go%2C%20as%20long%20as%20you%20don't%20stop.",
                  "id": "tweet-quote",
                  "target": "_blank",
                },
                "ref": null,
                "rendered": Object {
                  "instance": null,
                  "key": undefined,
                  "nodeType": "function",
                  "props": Object {
                    "color": "#ff8533",
                  },
                  "ref": null,
                  "rendered": null,
                  "type": [Function],
                },
                "type": "a",
              },
              Object {
                "instance": null,
                "key": undefined,
                "nodeType": "host",
                "props": Object {
                  "children": "New Quote",
                  "id": "new-quote",
                  "onClick": [Function],
                  "style": Object {
                    "backgroundColor": "#ff8533",
                    "border": "1px solid #ff8533",
                  },
                },
                "ref": null,
                "rendered": "New Quote",
                "type": "button",
              },
            ],
            "type": "div",
          },
        ],
        "type": "div",
      },
      "type": "div",
    },
  ],
  Symbol(enzyme.__options__): Object {
    "adapter": ReactSixteenAdapter {
      "options": Object {
        "enableComponentDidUpdateOnSetState": true,
      },
    },
  },
}
`;
